[debug] [2026-04-15T07:16:27.291Z] [Firebase Plugin] Activating Firebase extension.
[debug] [2026-04-15T07:16:42.808Z] [Firebase Plugin] requireAuthWrapper
[debug] [2026-04-15T07:16:42.812Z] > command requires scopes: ["email","openid","https://www.googleapis.com/auth/cloudplatformprojects.readonly","https://www.googleapis.com/auth/firebase","https://www.googleapis.com/auth/cloud-platform"]
[debug] [2026-04-15T07:16:42.813Z] > authorizing via signed-in user (geriiriana6@gmail.com)
[debug] [2026-04-15T07:16:42.821Z] Checked if tokens are valid: true, expires at: 1776239128583
[debug] [2026-04-15T07:16:42.822Z] Checked if tokens are valid: true, expires at: 1776239128583
[debug] [2026-04-15T07:16:42.823Z] [Firebase Plugin] User found:  geriiriana6@gmail.com
[info] [Firebase Plugin] (Core:Project) New user detected, fetching projects
[debug] [2026-04-15T07:16:42.827Z] Checked if tokens are valid: true, expires at: 1776239128583
[debug] [2026-04-15T07:16:42.831Z] >>> [apiv2][query] GET https://firebase.googleapis.com/v1beta1/projects pageSize=1000
[debug] [2026-04-15T07:16:42.862Z] [Firebase Plugin] VSCode notification server listening on port 40001
[info] [Firebase Plugin] Starting Data Connect toolkit (version 3.3.1) on port 50001
[debug] [2026-04-15T07:16:45.270Z] 'fdc build' failed with error: Unable to build your Data Connect schema and connectors (exit code 1): E0415 14:16:45.227130   14272 cmd.go:43] Error loading data connect config: could not find dataconnect.yaml in `c:\Users\Gari Iriana\.antigravity\UTT-request\dataconnect`
 {"metadata":{"emulator":{"name":"dataconnect"},"message":"'fdc build' failed with error: Unable to build your Data Connect schema and connectors (exit code 1): E0415 14:16:45.227130   14272 cmd.go:43] Error loading data connect config: could not find dataconnect.yaml in `c:\\Users\\Gari Iriana\\.antigravity\\UTT-request\\dataconnect`\n"}}
[debug] [2026-04-15T07:16:45.272Z] Ignoring unsupported arg: auto_download {"metadata":{"emulator":{"name":"dataconnect"},"message":"Ignoring unsupported arg: auto_download"}}
[debug] [2026-04-15T07:16:45.272Z] Ignoring unsupported arg: port {"metadata":{"emulator":{"name":"dataconnect"},"message":"Ignoring unsupported arg: port"}}
[debug] [2026-04-15T07:16:45.273Z] Starting Data Connect Emulator with command {"binary":"C:\\Users\\Gari Iriana\\.cache\\firebase\\emulators\\dataconnect-emulator-3.3.1.exe","args":["--logtostderr","-v=2","dev","--listen=localhost:50001","--config_dir=c:\\Users\\Gari Iriana\\.antigravity\\UTT-request\\dataconnect","--enable_output_schema_extensions=true","--enable_output_generated_sdk=true"],"optionalArgs":["listen","config_dir","enable_output_schema_extensions","enable_output_generated_sdk"],"joinArgs":true,"shell":false,"port":9399} {"metadata":{"emulator":{"name":"dataconnect"},"message":"Starting Data Connect Emulator with command {\"binary\":\"C:\\\\Users\\\\Gari Iriana\\\\.cache\\\\firebase\\\\emulators\\\\dataconnect-emulator-3.3.1.exe\",\"args\":[\"--logtostderr\",\"-v=2\",\"dev\",\"--listen=localhost:50001\",\"--config_dir=c:\\\\Users\\\\Gari Iriana\\\\.antigravity\\\\UTT-request\\\\dataconnect\",\"--enable_output_schema_extensions=true\",\"--enable_output_generated_sdk=true\"],\"optionalArgs\":[\"listen\",\"config_dir\",\"enable_output_schema_extensions\",\"enable_output_generated_sdk\"],\"joinArgs\":true,\"shell\":false,\"port\":9399}"}}
[info] i  dataconnect: Data Connect Emulator logging to dataconnect-debug.log {"metadata":{"emulator":{"name":"dataconnect"},"message":"Data Connect Emulator logging to \u001b[1mdataconnect-debug.log\u001b[22m"}}
[debug] [2026-04-15T07:16:45.996Z] E0415 14:16:45.564127   28752 dev.go:83] Failed to load initial config from "c:\\Users\\Gari Iriana\\.antigravity\\UTT-request\\dataconnect": could not find dataconnect.yaml in `c:\Users\Gari Iriana\.antigravity\UTT-request\dataconnect`
E0415 14:16:45.568259   28752 watch.go:116] watchAllDir unable to walk dir `c:\Users\Gari Iriana\.antigravity\UTT-request\dataconnect`: GetFileAttributesEx c:\Users\Gari Iriana\.antigravity\UTT-request\dataconnect: The system cannot find the file specified.
I0415 14:16:45.632914   28752 dev.go:104] Listening on address (HTTP + gRPC): 127.0.0.1:50001
 {"metadata":{"emulator":{"name":"dataconnect"},"message":"E0415 14:16:45.564127   28752 dev.go:83] Failed to load initial config from \"c:\\\\Users\\\\Gari Iriana\\\\.antigravity\\\\UTT-request\\\\dataconnect\": could not find dataconnect.yaml in `c:\\Users\\Gari Iriana\\.antigravity\\UTT-request\\dataconnect`\nE0415 14:16:45.568259   28752 watch.go:116] watchAllDir unable to walk dir `c:\\Users\\Gari Iriana\\.antigravity\\UTT-request\\dataconnect`: GetFileAttributesEx c:\\Users\\Gari Iriana\\.antigravity\\UTT-request\\dataconnect: The system cannot find the file specified.\nI0415 14:16:45.632914   28752 dev.go:104] Listening on address (HTTP + gRPC): 127.0.0.1:50001\n"}}
[debug] [2026-04-15T07:16:46.558Z] <<< [apiv2][status] GET https://firebase.googleapis.com/v1beta1/projects 200
[debug] [2026-04-15T07:16:46.559Z] <<< [apiv2][body] GET https://firebase.googleapis.com/v1beta1/projects [omitted]
[error] [Firebase Plugin] error:  {}
[debug] [2026-04-15T07:16:55.571Z] E0415 14:16:55.570797   28752 watch.go:40] Failed to load config from "c:\\Users\\Gari Iriana\\.antigravity\\UTT-request\\dataconnect": could not find dataconnect.yaml in `c:\Users\Gari Iriana\.antigravity\UTT-request\dataconnect`
 {"metadata":{"emulator":{"name":"dataconnect"},"message":"E0415 14:16:55.570797   28752 watch.go:40] Failed to load config from \"c:\\\\Users\\\\Gari Iriana\\\\.antigravity\\\\UTT-request\\\\dataconnect\": could not find dataconnect.yaml in `c:\\Users\\Gari Iriana\\.antigravity\\UTT-request\\dataconnect`\n"}}
[debug] [2026-04-15T07:17:05.571Z] E0415 14:17:05.571153   28752 watch.go:40] Failed to load config from "c:\\Users\\Gari Iriana\\.antigravity\\UTT-request\\dataconnect": could not find dataconnect.yaml in `c:\Users\Gari Iriana\.antigravity\UTT-request\dataconnect`
 {"metadata":{"emulator":{"name":"dataconnect"},"message":"E0415 14:17:05.571153   28752 watch.go:40] Failed to load config from \"c:\\\\Users\\\\Gari Iriana\\\\.antigravity\\\\UTT-request\\\\dataconnect\": could not find dataconnect.yaml in `c:\\Users\\Gari Iriana\\.antigravity\\UTT-request\\dataconnect`\n"}}
[debug] [2026-04-15T07:17:15.571Z] E0415 14:17:15.571175   28752 watch.go:40] Failed to load config from "c:\\Users\\Gari Iriana\\.antigravity\\UTT-request\\dataconnect": could not find dataconnect.yaml in `c:\Users\Gari Iriana\.antigravity\UTT-request\dataconnect`
 {"metadata":{"emulator":{"name":"dataconnect"},"message":"E0415 14:17:15.571175   28752 watch.go:40] Failed to load config from \"c:\\\\Users\\\\Gari Iriana\\\\.antigravity\\\\UTT-request\\\\dataconnect\": could not find dataconnect.yaml in `c:\\Users\\Gari Iriana\\.antigravity\\UTT-request\\dataconnect`\n"}}
[debug] [2026-04-15T07:17:25.571Z] E0415 14:17:25.570702   28752 watch.go:40] Failed to load config from "c:\\Users\\Gari Iriana\\.antigravity\\UTT-request\\dataconnect": could not find dataconnect.yaml in `c:\Users\Gari Iriana\.antigravity\UTT-request\dataconnect`
 {"metadata":{"emulator":{"name":"dataconnect"},"message":"E0415 14:17:25.570702   28752 watch.go:40] Failed to load config from \"c:\\\\Users\\\\Gari Iriana\\\\.antigravity\\\\UTT-request\\\\dataconnect\": could not find dataconnect.yaml in `c:\\Users\\Gari Iriana\\.antigravity\\UTT-request\\dataconnect`\n"}}
[debug] [2026-04-15T07:17:35.570Z] E0415 14:17:35.570332   28752 watch.go:40] Failed to load config from "c:\\Users\\Gari Iriana\\.antigravity\\UTT-request\\dataconnect": could not find dataconnect.yaml in `c:\Users\Gari Iriana\.antigravity\UTT-request\dataconnect`
 {"metadata":{"emulator":{"name":"dataconnect"},"message":"E0415 14:17:35.570332   28752 watch.go:40] Failed to load config from \"c:\\\\Users\\\\Gari Iriana\\\\.antigravity\\\\UTT-request\\\\dataconnect\": could not find dataconnect.yaml in `c:\\Users\\Gari Iriana\\.antigravity\\UTT-request\\dataconnect`\n"}}
[debug] [2026-04-15T07:17:45.571Z] E0415 14:17:45.569761   28752 watch.go:116] watchAllDir unable to walk dir `c:\Users\Gari Iriana\.antigravity\UTT-request\dataconnect`: GetFileAttributesEx c:\Users\Gari Iriana\.antigravity\UTT-request\dataconnect: The system cannot find the file specified.
E0415 14:17:45.570266   28752 watch.go:40] Failed to load config from "c:\\Users\\Gari Iriana\\.antigravity\\UTT-request\\dataconnect": could not find dataconnect.yaml in `c:\Users\Gari Iriana\.antigravity\UTT-request\dataconnect`
 {"metadata":{"emulator":{"name":"dataconnect"},"message":"E0415 14:17:45.569761   28752 watch.go:116] watchAllDir unable to walk dir `c:\\Users\\Gari Iriana\\.antigravity\\UTT-request\\dataconnect`: GetFileAttributesEx c:\\Users\\Gari Iriana\\.antigravity\\UTT-request\\dataconnect: The system cannot find the file specified.\nE0415 14:17:45.570266   28752 watch.go:40] Failed to load config from \"c:\\\\Users\\\\Gari Iriana\\\\.antigravity\\\\UTT-request\\\\dataconnect\": could not find dataconnect.yaml in `c:\\Users\\Gari Iriana\\.antigravity\\UTT-request\\dataconnect`\n"}}
[debug] [2026-04-15T07:17:55.570Z] E0415 14:17:55.570220   28752 watch.go:40] Failed to load config from "c:\\Users\\Gari Iriana\\.antigravity\\UTT-request\\dataconnect": could not find dataconnect.yaml in `c:\Users\Gari Iriana\.antigravity\UTT-request\dataconnect`
 {"metadata":{"emulator":{"name":"dataconnect"},"message":"E0415 14:17:55.570220   28752 watch.go:40] Failed to load config from \"c:\\\\Users\\\\Gari Iriana\\\\.antigravity\\\\UTT-request\\\\dataconnect\": could not find dataconnect.yaml in `c:\\Users\\Gari Iriana\\.antigravity\\UTT-request\\dataconnect`\n"}}
[debug] [2026-04-15T07:18:05.570Z] E0415 14:18:05.569857   28752 watch.go:40] Failed to load config from "c:\\Users\\Gari Iriana\\.antigravity\\UTT-request\\dataconnect": could not find dataconnect.yaml in `c:\Users\Gari Iriana\.antigravity\UTT-request\dataconnect`
 {"metadata":{"emulator":{"name":"dataconnect"},"message":"E0415 14:18:05.569857   28752 watch.go:40] Failed to load config from \"c:\\\\Users\\\\Gari Iriana\\\\.antigravity\\\\UTT-request\\\\dataconnect\": could not find dataconnect.yaml in `c:\\Users\\Gari Iriana\\.antigravity\\UTT-request\\dataconnect`\n"}}
[debug] [2026-04-15T07:18:15.570Z] E0415 14:18:15.569995   28752 watch.go:40] Failed to load config from "c:\\Users\\Gari Iriana\\.antigravity\\UTT-request\\dataconnect": could not find dataconnect.yaml in `c:\Users\Gari Iriana\.antigravity\UTT-request\dataconnect`
 {"metadata":{"emulator":{"name":"dataconnect"},"message":"E0415 14:18:15.569995   28752 watch.go:40] Failed to load config from \"c:\\\\Users\\\\Gari Iriana\\\\.antigravity\\\\UTT-request\\\\dataconnect\": could not find dataconnect.yaml in `c:\\Users\\Gari Iriana\\.antigravity\\UTT-request\\dataconnect`\n"}}
[debug] [2026-04-15T07:18:25.571Z] E0415 14:18:25.569908   28752 watch.go:40] Failed to load config from "c:\\Users\\Gari Iriana\\.antigravity\\UTT-request\\dataconnect": could not find dataconnect.yaml in `c:\Users\Gari Iriana\.antigravity\UTT-request\dataconnect`
 {"metadata":{"emulator":{"name":"dataconnect"},"message":"E0415 14:18:25.569908   28752 watch.go:40] Failed to load config from \"c:\\\\Users\\\\Gari Iriana\\\\.antigravity\\\\UTT-request\\\\dataconnect\": could not find dataconnect.yaml in `c:\\Users\\Gari Iriana\\.antigravity\\UTT-request\\dataconnect`\n"}}
[debug] [2026-04-15T07:18:35.571Z] E0415 14:18:35.570494   28752 watch.go:40] Failed to load config from "c:\\Users\\Gari Iriana\\.antigravity\\UTT-request\\dataconnect": could not find dataconnect.yaml in `c:\Users\Gari Iriana\.antigravity\UTT-request\dataconnect`
 {"metadata":{"emulator":{"name":"dataconnect"},"message":"E0415 14:18:35.570494   28752 watch.go:40] Failed to load config from \"c:\\\\Users\\\\Gari Iriana\\\\.antigravity\\\\UTT-request\\\\dataconnect\": could not find dataconnect.yaml in `c:\\Users\\Gari Iriana\\.antigravity\\UTT-request\\dataconnect`\n"}}
[debug] [2026-04-15T07:18:45.571Z] E0415 14:18:45.570119   28752 watch.go:116] watchAllDir unable to walk dir `c:\Users\Gari Iriana\.antigravity\UTT-request\dataconnect`: GetFileAttributesEx c:\Users\Gari Iriana\.antigravity\UTT-request\dataconnect: The system cannot find the file specified.
E0415 14:18:45.570654   28752 watch.go:40] Failed to load config from "c:\\Users\\Gari Iriana\\.antigravity\\UTT-request\\dataconnect": could not find dataconnect.yaml in `c:\Users\Gari Iriana\.antigravity\UTT-request\dataconnect`
 {"metadata":{"emulator":{"name":"dataconnect"},"message":"E0415 14:18:45.570119   28752 watch.go:116] watchAllDir unable to walk dir `c:\\Users\\Gari Iriana\\.antigravity\\UTT-request\\dataconnect`: GetFileAttributesEx c:\\Users\\Gari Iriana\\.antigravity\\UTT-request\\dataconnect: The system cannot find the file specified.\nE0415 14:18:45.570654   28752 watch.go:40] Failed to load config from \"c:\\\\Users\\\\Gari Iriana\\\\.antigravity\\\\UTT-request\\\\dataconnect\": could not find dataconnect.yaml in `c:\\Users\\Gari Iriana\\.antigravity\\UTT-request\\dataconnect`\n"}}
[debug] [2026-04-15T07:18:55.577Z] E0415 14:18:55.575956   28752 watch.go:40] Failed to load config from "c:\\Users\\Gari Iriana\\.antigravity\\UTT-request\\dataconnect": could not find dataconnect.yaml in `c:\Users\Gari Iriana\.antigravity\UTT-request\dataconnect`
 {"metadata":{"emulator":{"name":"dataconnect"},"message":"E0415 14:18:55.575956   28752 watch.go:40] Failed to load config from \"c:\\\\Users\\\\Gari Iriana\\\\.antigravity\\\\UTT-request\\\\dataconnect\": could not find dataconnect.yaml in `c:\\Users\\Gari Iriana\\.antigravity\\UTT-request\\dataconnect`\n"}}
[debug] [2026-04-15T07:19:05.571Z] E0415 14:19:05.570533   28752 watch.go:40] Failed to load config from "c:\\Users\\Gari Iriana\\.antigravity\\UTT-request\\dataconnect": could not find dataconnect.yaml in `c:\Users\Gari Iriana\.antigravity\UTT-request\dataconnect`
 {"metadata":{"emulator":{"name":"dataconnect"},"message":"E0415 14:19:05.570533   28752 watch.go:40] Failed to load config from \"c:\\\\Users\\\\Gari Iriana\\\\.antigravity\\\\UTT-request\\\\dataconnect\": could not find dataconnect.yaml in `c:\\Users\\Gari Iriana\\.antigravity\\UTT-request\\dataconnect`\n"}}
[info] [Firebase Plugin] Stopping Data Connect toolkit
[warn] !  Data Connect Emulator has exited upon receiving signal: SIGINT 
[debug] [2026-04-15T07:19:51.412Z] [Firebase Plugin] Activating Firebase extension.
[debug] [2026-04-15T07:20:05.433Z] [Firebase Plugin] requireAuthWrapper
[debug] [2026-04-15T07:20:05.436Z] > command requires scopes: ["email","openid","https://www.googleapis.com/auth/cloudplatformprojects.readonly","https://www.googleapis.com/auth/firebase","https://www.googleapis.com/auth/cloud-platform"]
[debug] [2026-04-15T07:20:05.437Z] > authorizing via signed-in user (geriiriana6@gmail.com)
[debug] [2026-04-15T07:20:05.444Z] Checked if tokens are valid: true, expires at: 1776239128583
[debug] [2026-04-15T07:20:05.445Z] Checked if tokens are valid: true, expires at: 1776239128583
[debug] [2026-04-15T07:20:05.445Z] [Firebase Plugin] User found:  geriiriana6@gmail.com
[info] [Firebase Plugin] (Core:Project) New user detected, fetching projects
[debug] [2026-04-15T07:20:05.448Z] Checked if tokens are valid: true, expires at: 1776239128583
[debug] [2026-04-15T07:20:05.451Z] >>> [apiv2][query] GET https://firebase.googleapis.com/v1beta1/projects pageSize=1000
[debug] [2026-04-15T07:20:05.475Z] [Firebase Plugin] VSCode notification server listening on port 40001
[info] [Firebase Plugin] Starting Data Connect toolkit (version 3.3.1) on port 50001
[debug] [2026-04-15T07:20:06.696Z] 'fdc build' failed with error: Unable to build your Data Connect schema and connectors (exit code 1): E0415 14:20:06.675112   29024 cmd.go:43] Error loading data connect config: could not find dataconnect.yaml in `c:\Users\Gari Iriana\.antigravity\UTT-request\dataconnect`
 {"metadata":{"emulator":{"name":"dataconnect"},"message":"'fdc build' failed with error: Unable to build your Data Connect schema and connectors (exit code 1): E0415 14:20:06.675112   29024 cmd.go:43] Error loading data connect config: could not find dataconnect.yaml in `c:\\Users\\Gari Iriana\\.antigravity\\UTT-request\\dataconnect`\n"}}
[debug] [2026-04-15T07:20:06.698Z] Ignoring unsupported arg: auto_download {"metadata":{"emulator":{"name":"dataconnect"},"message":"Ignoring unsupported arg: auto_download"}}
[debug] [2026-04-15T07:20:06.698Z] Ignoring unsupported arg: port {"metadata":{"emulator":{"name":"dataconnect"},"message":"Ignoring unsupported arg: port"}}
[debug] [2026-04-15T07:20:06.699Z] Starting Data Connect Emulator with command {"binary":"C:\\Users\\Gari Iriana\\.cache\\firebase\\emulators\\dataconnect-emulator-3.3.1.exe","args":["--logtostderr","-v=2","dev","--listen=localhost:50001","--config_dir=c:\\Users\\Gari Iriana\\.antigravity\\UTT-request\\dataconnect","--enable_output_schema_extensions=true","--enable_output_generated_sdk=true"],"optionalArgs":["listen","config_dir","enable_output_schema_extensions","enable_output_generated_sdk"],"joinArgs":true,"shell":false,"port":9399} {"metadata":{"emulator":{"name":"dataconnect"},"message":"Starting Data Connect Emulator with command {\"binary\":\"C:\\\\Users\\\\Gari Iriana\\\\.cache\\\\firebase\\\\emulators\\\\dataconnect-emulator-3.3.1.exe\",\"args\":[\"--logtostderr\",\"-v=2\",\"dev\",\"--listen=localhost:50001\",\"--config_dir=c:\\\\Users\\\\Gari Iriana\\\\.antigravity\\\\UTT-request\\\\dataconnect\",\"--enable_output_schema_extensions=true\",\"--enable_output_generated_sdk=true\"],\"optionalArgs\":[\"listen\",\"config_dir\",\"enable_output_schema_extensions\",\"enable_output_generated_sdk\"],\"joinArgs\":true,\"shell\":false,\"port\":9399}"}}
[info] i  dataconnect: Data Connect Emulator logging to dataconnect-debug.log {"metadata":{"emulator":{"name":"dataconnect"},"message":"Data Connect Emulator logging to \u001b[1mdataconnect-debug.log\u001b[22m"}}
[debug] [2026-04-15T07:20:06.904Z] E0415 14:20:06.890223   21136 dev.go:83] Failed to load initial config from "c:\\Users\\Gari Iriana\\.antigravity\\UTT-request\\dataconnect": could not find dataconnect.yaml in `c:\Users\Gari Iriana\.antigravity\UTT-request\dataconnect`
E0415 14:20:06.893231   21136 watch.go:116] watchAllDir unable to walk dir `c:\Users\Gari Iriana\.antigravity\UTT-request\dataconnect`: GetFileAttributesEx c:\Users\Gari Iriana\.antigravity\UTT-request\dataconnect: The system cannot find the file specified.
 {"metadata":{"emulator":{"name":"dataconnect"},"message":"E0415 14:20:06.890223   21136 dev.go:83] Failed to load initial config from \"c:\\\\Users\\\\Gari Iriana\\\\.antigravity\\\\UTT-request\\\\dataconnect\": could not find dataconnect.yaml in `c:\\Users\\Gari Iriana\\.antigravity\\UTT-request\\dataconnect`\nE0415 14:20:06.893231   21136 watch.go:116] watchAllDir unable to walk dir `c:\\Users\\Gari Iriana\\.antigravity\\UTT-request\\dataconnect`: GetFileAttributesEx c:\\Users\\Gari Iriana\\.antigravity\\UTT-request\\dataconnect: The system cannot find the file specified.\n"}}
[debug] [2026-04-15T07:20:06.932Z] I0415 14:20:06.932005   21136 dev.go:104] Listening on address (HTTP + gRPC): 127.0.0.1:50001
 {"metadata":{"emulator":{"name":"dataconnect"},"message":"I0415 14:20:06.932005   21136 dev.go:104] Listening on address (HTTP + gRPC): 127.0.0.1:50001\n"}}
[error] [Firebase Plugin] error:  {}
[debug] [2026-04-15T07:20:07.608Z] <<< [apiv2][status] GET https://firebase.googleapis.com/v1beta1/projects 200
[debug] [2026-04-15T07:20:07.609Z] <<< [apiv2][body] GET https://firebase.googleapis.com/v1beta1/projects [omitted]
[debug] [2026-04-15T07:20:16.894Z] E0415 14:20:16.893761   21136 watch.go:40] Failed to load config from "c:\\Users\\Gari Iriana\\.antigravity\\UTT-request\\dataconnect": could not find dataconnect.yaml in `c:\Users\Gari Iriana\.antigravity\UTT-request\dataconnect`
 {"metadata":{"emulator":{"name":"dataconnect"},"message":"E0415 14:20:16.893761   21136 watch.go:40] Failed to load config from \"c:\\\\Users\\\\Gari Iriana\\\\.antigravity\\\\UTT-request\\\\dataconnect\": could not find dataconnect.yaml in `c:\\Users\\Gari Iriana\\.antigravity\\UTT-request\\dataconnect`\n"}}
[debug] [2026-04-15T07:20:26.899Z] E0415 14:20:26.893929   21136 watch.go:40] Failed to load config from "c:\\Users\\Gari Iriana\\.antigravity\\UTT-request\\dataconnect": could not find dataconnect.yaml in `c:\Users\Gari Iriana\.antigravity\UTT-request\dataconnect`
 {"metadata":{"emulator":{"name":"dataconnect"},"message":"E0415 14:20:26.893929   21136 watch.go:40] Failed to load config from \"c:\\\\Users\\\\Gari Iriana\\\\.antigravity\\\\UTT-request\\\\dataconnect\": could not find dataconnect.yaml in `c:\\Users\\Gari Iriana\\.antigravity\\UTT-request\\dataconnect`\n"}}
[debug] [2026-04-15T07:20:36.894Z] E0415 14:20:36.894210   21136 watch.go:40] Failed to load config from "c:\\Users\\Gari Iriana\\.antigravity\\UTT-request\\dataconnect": could not find dataconnect.yaml in `c:\Users\Gari Iriana\.antigravity\UTT-request\dataconnect`
 {"metadata":{"emulator":{"name":"dataconnect"},"message":"E0415 14:20:36.894210   21136 watch.go:40] Failed to load config from \"c:\\\\Users\\\\Gari Iriana\\\\.antigravity\\\\UTT-request\\\\dataconnect\": could not find dataconnect.yaml in `c:\\Users\\Gari Iriana\\.antigravity\\UTT-request\\dataconnect`\n"}}
[debug] [2026-04-15T07:20:46.894Z] E0415 14:20:46.893765   21136 watch.go:40] Failed to load config from "c:\\Users\\Gari Iriana\\.antigravity\\UTT-request\\dataconnect": could not find dataconnect.yaml in `c:\Users\Gari Iriana\.antigravity\UTT-request\dataconnect`
 {"metadata":{"emulator":{"name":"dataconnect"},"message":"E0415 14:20:46.893765   21136 watch.go:40] Failed to load config from \"c:\\\\Users\\\\Gari Iriana\\\\.antigravity\\\\UTT-request\\\\dataconnect\": could not find dataconnect.yaml in `c:\\Users\\Gari Iriana\\.antigravity\\UTT-request\\dataconnect`\n"}}
